[demo.thedevelovers.com/dashboard/kingadmin-v1.6.2/index.html]
[backblue.gif]
[fade.gif]
[index.html]
[demo.thedevelovers.com/dashboard/kingadmin-v1.6.2/assets/ico/kingadmin-favicon144x144.png]
[demo.thedevelovers.com/dashboard/kingadmin-v1.6.2/assets/ico/kingadmin-favicon114x114.png]
[demo.thedevelovers.com/dashboard/kingadmin-v1.6.2/assets/ico/kingadmin-favicon72x72.png]
[demo.thedevelovers.com/dashboard/kingadmin-v1.6.2/assets/ico/kingadmin-favicon57x57.png]
[demo.thedevelovers.com/dashboard/kingadmin-v1.6.2/assets/ico/favicon.png]
[demo.thedevelovers.com/dashboard/kingadmin-v1.6.2/index-2.html]
[demo.thedevelovers.com/dashboard/kingadmin-v1.6.2/assets/img/kingadmin-logo-white.png]
[demo.thedevelovers.com/dashboard/kingadmin-v1.6.2/assets/img/user1.png]
[demo.thedevelovers.com/dashboard/kingadmin-v1.6.2/assets/img/user2.png]
[demo.thedevelovers.com/dashboard/kingadmin-v1.6.2/assets/img/user3.png]
[demo.thedevelovers.com/dashboard/kingadmin-v1.6.2/assets/img/user4.png]
[demo.thedevelovers.com/dashboard/kingadmin-v1.6.2/assets/img/user5.png]
[demo.thedevelovers.com/dashboard/kingadmin-v1.6.2/assets/img/user-avatar.png]
[demo.thedevelovers.com/dashboard/kingadmin-v1.6.2/index-transparent.html]
[demo.thedevelovers.com/dashboard/kingadmin-v1.6.2/index-dashboard-v2.html]
[demo.thedevelovers.com/dashboard/kingadmin-v1.6.2/index-dashboard-v2-transparent.html]
[demo.thedevelovers.com/dashboard/kingadmin-v1.6.2/index-dashboard-v3.html]
[demo.thedevelovers.com/dashboard/kingadmin-v1.6.2/index-dashboard-v4.html]
[demo.thedevelovers.com/dashboard/kingadmin-v1.6.2/nav-default-fixed.html]
[demo.thedevelovers.com/dashboard/kingadmin-v1.6.2/nav-normal.html]
[demo.thedevelovers.com/dashboard/kingadmin-v1.6.2/layout-collapsed.html]
[demo.thedevelovers.com/dashboard/kingadmin-v1.6.2/layout-minified.html]
[demo.thedevelovers.com/dashboard/kingadmin-v1.6.2/layout-ontop-navigation.html]
[demo.thedevelovers.com/dashboard/kingadmin-v1.6.2/page-profile.html]
[demo.thedevelovers.com/dashboard/kingadmin-v1.6.2/page-invoice.html]
[demo.thedevelovers.com/dashboard/kingadmin-v1.6.2/page-knowledgebase.html]
[demo.thedevelovers.com/dashboard/kingadmin-v1.6.2/page-new-message.html]
[demo.thedevelovers.com/dashboard/kingadmin-v1.6.2/page-view-message.html]
[demo.thedevelovers.com/dashboard/kingadmin-v1.6.2/page-search-result.html]
[demo.thedevelovers.com/dashboard/kingadmin-v1.6.2/page-submit-ticket.html]
[demo.thedevelovers.com/dashboard/kingadmin-v1.6.2/page-faq.html]
[demo.thedevelovers.com/dashboard/kingadmin-v1.6.2/page-register.html]
[demo.thedevelovers.com/dashboard/kingadmin-v1.6.2/page-register-transparent.html]
[demo.thedevelovers.com/dashboard/kingadmin-v1.6.2/page-login.html]
[demo.thedevelovers.com/dashboard/kingadmin-v1.6.2/page-login-transparent.html]
[demo.thedevelovers.com/dashboard/kingadmin-v1.6.2/page-404.html]
[demo.thedevelovers.com/dashboard/kingadmin-v1.6.2/page-404-transparent.html]
[demo.thedevelovers.com/dashboard/kingadmin-v1.6.2/page-blank.html]
[demo.thedevelovers.com/dashboard/kingadmin-v1.6.2/page-inbox.html]
[demo.thedevelovers.com/dashboard/kingadmin-v1.6.2/page-file-manager.html]
[demo.thedevelovers.com/dashboard/kingadmin-v1.6.2/page-file-manager-transparent.html]
[demo.thedevelovers.com/dashboard/kingadmin-v1.6.2/page-projects.html]
[demo.thedevelovers.com/dashboard/kingadmin-v1.6.2/page-project-detail.html]
[demo.thedevelovers.com/dashboard/kingadmin-v1.6.2/charts-statistics.html]
[demo.thedevelovers.com/dashboard/kingadmin-v1.6.2/charts-statistics-transparent.html]
[demo.thedevelovers.com/dashboard/kingadmin-v1.6.2/charts-statistics-interactive.html]
[demo.thedevelovers.com/dashboard/kingadmin-v1.6.2/charts-statistics-interactive-transparent.html]
[demo.thedevelovers.com/dashboard/kingadmin-v1.6.2/charts-statistics-real-time.html]
[demo.thedevelovers.com/dashboard/kingadmin-v1.6.2/charts-statistics-real-time-transparent.html]
[demo.thedevelovers.com/dashboard/kingadmin-v1.6.2/charts-d3charts.html]
[demo.thedevelovers.com/dashboard/kingadmin-v1.6.2/form-inplace-editing.html]
[demo.thedevelovers.com/dashboard/kingadmin-v1.6.2/form-elements.html]
[demo.thedevelovers.com/dashboard/kingadmin-v1.6.2/form-layouts.html]
[demo.thedevelovers.com/dashboard/kingadmin-v1.6.2/form-bootstrap-elements.html]
[demo.thedevelovers.com/dashboard/kingadmin-v1.6.2/form-validations.html]
[demo.thedevelovers.com/dashboard/kingadmin-v1.6.2/form-file-upload.html]
[demo.thedevelovers.com/dashboard/kingadmin-v1.6.2/form-text-editor.html]
[demo.thedevelovers.com/dashboard/kingadmin-v1.6.2/ui-elements-general.html]
[demo.thedevelovers.com/dashboard/kingadmin-v1.6.2/ui-elements-tabs.html]
[demo.thedevelovers.com/dashboard/kingadmin-v1.6.2/ui-elements-buttons.html]
[demo.thedevelovers.com/dashboard/kingadmin-v1.6.2/ui-elements-icons.html]
[demo.thedevelovers.com/dashboard/kingadmin-v1.6.2/ui-elements-flash-message.html]
[demo.thedevelovers.com/dashboard/kingadmin-v1.6.2/widgets.html]
[demo.thedevelovers.com/dashboard/kingadmin-v1.6.2/components-wizard.html]
[demo.thedevelovers.com/dashboard/kingadmin-v1.6.2/components-calendar.html]
[demo.thedevelovers.com/dashboard/kingadmin-v1.6.2/components-maps.html]
[demo.thedevelovers.com/dashboard/kingadmin-v1.6.2/components-maps-transparent.html]
[demo.thedevelovers.com/dashboard/kingadmin-v1.6.2/components-gallery.html]
[demo.thedevelovers.com/dashboard/kingadmin-v1.6.2/components-tree-view.html]
[demo.thedevelovers.com/dashboard/kingadmin-v1.6.2/components-tree-view-transparent.html]
[demo.thedevelovers.com/dashboard/kingadmin-v1.6.2/tables-static-table.html]
[demo.thedevelovers.com/dashboard/kingadmin-v1.6.2/tables-dynamic-table.html]
[demo.thedevelovers.com/dashboard/kingadmin-v1.6.2/typography.html]
[demo.thedevelovers.com/dashboard/kingadmin-v1.6.2/assets/js/jquery/jquery-2.1.0.min.js]
[demo.thedevelovers.com/dashboard/kingadmin-v1.6.2/assets/js/bootstrap/bootstrap.js]
[demo.thedevelovers.com/dashboard/kingadmin-v1.6.2/assets/js/plugins/modernizr/modernizr.js]
[demo.thedevelovers.com/dashboard/kingadmin-v1.6.2/assets/js/plugins/bootstrap-tour/bootstrap-tour.custom.js]
[demo.thedevelovers.com/dashboard/kingadmin-v1.6.2/assets/js/plugins/jquery-slimscroll/jquery.slimscroll.min.js]
[demo.thedevelovers.com/dashboard/kingadmin-v1.6.2/assets/js/king-common.js]
[demo.thedevelovers.com/dashboard/kingadmin-v1.6.2/demo-style-switcher/assets/js/deliswitch.js]
[demo.thedevelovers.com/dashboard/kingadmin-v1.6.2/assets/js/plugins/stat/jquery.easypiechart.min.js]
[demo.thedevelovers.com/dashboard/kingadmin-v1.6.2/assets/js/plugins/raphael/raphael-2.1.0.min.js]
[demo.thedevelovers.com/dashboard/kingadmin-v1.6.2/assets/js/plugins/stat/flot/jquery.flot.min.js]
[demo.thedevelovers.com/dashboard/kingadmin-v1.6.2/assets/js/plugins/stat/flot/jquery.flot.resize.min.js]
[demo.thedevelovers.com/dashboard/kingadmin-v1.6.2/assets/js/plugins/stat/flot/jquery.flot.time.min.js]
[demo.thedevelovers.com/dashboard/kingadmin-v1.6.2/assets/js/plugins/stat/flot/jquery.flot.pie.min.js]
[demo.thedevelovers.com/dashboard/kingadmin-v1.6.2/assets/js/plugins/stat/flot/jquery.flot.tooltip.min.js]
[demo.thedevelovers.com/dashboard/kingadmin-v1.6.2/assets/js/plugins/jquery-sparkline/jquery.sparkline.min.js]
[demo.thedevelovers.com/dashboard/kingadmin-v1.6.2/assets/js/plugins/datatable/jquery.dataTables.min.js]
[demo.thedevelovers.com/dashboard/kingadmin-v1.6.2/assets/js/plugins/datatable/dataTables.bootstrap.js]
[demo.thedevelovers.com/dashboard/kingadmin-v1.6.2/assets/js/plugins/jquery-mapael/jquery.mapael.js]
[demo.thedevelovers.com/dashboard/kingadmin-v1.6.2/assets/js/plugins/raphael/maps/usa_states.js]
[demo.thedevelovers.com/dashboard/kingadmin-v1.6.2/assets/js/king-chart-stat.js]
[demo.thedevelovers.com/dashboard/kingadmin-v1.6.2/assets/js/king-table.js]
[demo.thedevelovers.com/dashboard/kingadmin-v1.6.2/assets/js/king-components.js]
[demo.thedevelovers.com/dashboard/kingadmin-v1.6.2/index.html]
[demo.thedevelovers.com/dashboard/kingadmin-v1.6.2/assets/fonts/glyphicons-halflings-regular.eot]
[demo.thedevelovers.com/dashboard/kingadmin-v1.6.2/assets/fonts/glyphicons-halflings-regulard41d.eot]
[demo.thedevelovers.com/dashboard/kingadmin-v1.6.2/assets/fonts/glyphicons-halflings-regular.woff]
[demo.thedevelovers.com/dashboard/kingadmin-v1.6.2/assets/fonts/glyphicons-halflings-regular.ttf]
[demo.thedevelovers.com/dashboard/kingadmin-v1.6.2/assets/css/bootstrap.min.css]
[demo.thedevelovers.com/dashboard/kingadmin-v1.6.2/assets/fonts/fontawesome-webfont5b62.eot]
[demo.thedevelovers.com/dashboard/kingadmin-v1.6.2/assets/fonts/fontawesome-webfontd41d.eot]
[demo.thedevelovers.com/dashboard/kingadmin-v1.6.2/assets/fonts/fontawesome-webfont5b62.woff]
[demo.thedevelovers.com/dashboard/kingadmin-v1.6.2/assets/fonts/fontawesome-webfont5b62.ttf]
[demo.thedevelovers.com/dashboard/kingadmin-v1.6.2/assets/css/font-awesome.min.css]
[demo.thedevelovers.com/dashboard/kingadmin-v1.6.2/assets/img/loading.gif]
[demo.thedevelovers.com/dashboard/kingadmin-v1.6.2/assets/img/clear.png]
[demo.thedevelovers.com/dashboard/kingadmin-v1.6.2/assets/js/plugins/tree/themes/default/32px.png]
[demo.thedevelovers.com/dashboard/kingadmin-v1.6.2/assets/js/plugins/tree/themes/default/throbber.gif]
[demo.thedevelovers.com/dashboard/kingadmin-v1.6.2/assets/js/plugins/tree/themes/default/40px.png]
[demo.thedevelovers.com/dashboard/kingadmin-v1.6.2/assets/fonts/lato-lig-webfont.eot]
[demo.thedevelovers.com/dashboard/kingadmin-v1.6.2/assets/fonts/lato-lig-webfont.woff]
[demo.thedevelovers.com/dashboard/kingadmin-v1.6.2/assets/fonts/lato-lig-webfontd41d.eot]
[demo.thedevelovers.com/dashboard/kingadmin-v1.6.2/assets/fonts/lato-lig-webfont.ttf]
[demo.thedevelovers.com/dashboard/kingadmin-v1.6.2/assets/fonts/lato-reg-webfont.eot]
[demo.thedevelovers.com/dashboard/kingadmin-v1.6.2/assets/fonts/lato-reg-webfont.woff]
[demo.thedevelovers.com/dashboard/kingadmin-v1.6.2/assets/fonts/lato-reg-webfontd41d.eot]
[demo.thedevelovers.com/dashboard/kingadmin-v1.6.2/assets/fonts/lato-reg-webfont.ttf]
[demo.thedevelovers.com/dashboard/kingadmin-v1.6.2/assets/fonts/lato-bol-webfont.eot]
[demo.thedevelovers.com/dashboard/kingadmin-v1.6.2/assets/fonts/lato-bol-webfont.woff]
[demo.thedevelovers.com/dashboard/kingadmin-v1.6.2/assets/fonts/lato-bol-webfontd41d.eot]
[demo.thedevelovers.com/dashboard/kingadmin-v1.6.2/assets/fonts/lato-bol-webfont.ttf]
[demo.thedevelovers.com/dashboard/kingadmin-v1.6.2/assets/css/main.css]
[demo.thedevelovers.com/dashboard/kingadmin-v1.6.2/assets/css/my-custom-styles.css]
[demo.thedevelovers.com/dashboard/kingadmin-v1.6.2/demo-style-switcher/assets/img/cog.png]
[demo.thedevelovers.com/dashboard/kingadmin-v1.6.2/demo-style-switcher/assets/img/black-linend41d.png]
[demo.thedevelovers.com/dashboard/kingadmin-v1.6.2/demo-style-switcher/assets/css/style-switcher.css]
[demo.thedevelovers.com/dashboard/kingadmin-v1.6.2/index-2.html]
[demo.thedevelovers.com/dashboard/kingadmin-v1.6.2/assets/js/king-chart-stat-transparent.js]
[demo.thedevelovers.com/dashboard/kingadmin-v1.6.2/assets/js/king-components-transparent.js]
[demo.thedevelovers.com/dashboard/kingadmin-v1.6.2/index-transparent.html]
[demo.thedevelovers.com/dashboard/kingadmin-v1.6.2/assets/img/profile-avatar.png]
[demo.thedevelovers.com/dashboard/kingadmin-v1.6.2/assets/js/jquery-ui/jquery-ui-1.10.4.custom.min.js]
[demo.thedevelovers.com/dashboard/kingadmin-v1.6.2/index-dashboard-v2.html]
[demo.thedevelovers.com/dashboard/kingadmin-v1.6.2/index-dashboard-v2-transparent.html]
[demo.thedevelovers.com/dashboard/kingadmin-v1.6.2/assets/js/plugins/bootstrap-progressbar/bootstrap-progressbar.min.js]
[demo.thedevelovers.com/dashboard/kingadmin-v1.6.2/assets/js/plugins/jquery-maskedinput/jquery.masked-input.min.js]
[demo.thedevelovers.com/dashboard/kingadmin-v1.6.2/assets/js/plugins/moment/moment.min.js]
[demo.thedevelovers.com/dashboard/kingadmin-v1.6.2/assets/js/plugins/bootstrap-editable/bootstrap-editable.min.js]
[demo.thedevelovers.com/dashboard/kingadmin-v1.6.2/index-dashboard-v3.html]
[demo.thedevelovers.com/dashboard/kingadmin-v1.6.2/assets/img/market-news.jpg]
[demo.thedevelovers.com/dashboard/kingadmin-v1.6.2/assets/img/market-news2.jpg]
[demo.thedevelovers.com/dashboard/kingadmin-v1.6.2/assets/img/market-news3.jpg]
[demo.thedevelovers.com/dashboard/kingadmin-v1.6.2/index-dashboard-v4.html]
[demo.thedevelovers.com/dashboard/kingadmin-v1.6.2/assets/img/dashboard-fixed-sidebar.png]
[demo.thedevelovers.com/dashboard/kingadmin-v1.6.2/nav-default-fixed.html]
[demo.thedevelovers.com/dashboard/kingadmin-v1.6.2/assets/img/dashboard-normal-sidebar.png]
[demo.thedevelovers.com/dashboard/kingadmin-v1.6.2/nav-normal.html]
[demo.thedevelovers.com/dashboard/kingadmin-v1.6.2/assets/img/dashboard-collapsed-sidebar.png]
[demo.thedevelovers.com/dashboard/kingadmin-v1.6.2/assets/img/dashboard-minified-sidebar.png]
[demo.thedevelovers.com/dashboard/kingadmin-v1.6.2/assets/img/dashboard-ontop-nav.png]
[demo.thedevelovers.com/dashboard/kingadmin-v1.6.2/layout-collapsed.html]
[demo.thedevelovers.com/dashboard/kingadmin-v1.6.2/layout-minified.html]
[demo.thedevelovers.com/dashboard/kingadmin-v1.6.2/layout-ontop-navigation.html]
[demo.thedevelovers.com/dashboard/kingadmin-v1.6.2/assets/js/plugins/bootstrap-switch/bootstrap-switch.min.js]
[demo.thedevelovers.com/dashboard/kingadmin-v1.6.2/page-profile.html]
[demo.thedevelovers.com/dashboard/kingadmin-v1.6.2/assets/img/kingadmin-logo.png]
[demo.thedevelovers.com/dashboard/kingadmin-v1.6.2/assets/js/king-page.js]
[demo.thedevelovers.com/dashboard/kingadmin-v1.6.2/page-invoice.html]
[demo.thedevelovers.com/dashboard/kingadmin-v1.6.2/page-knowledgebase.html]
[demo.thedevelovers.com/dashboard/kingadmin-v1.6.2/assets/js/plugins/summernote/summernote.min.js]
[demo.thedevelovers.com/dashboard/kingadmin-v1.6.2/assets/js/plugins/select2/select2.min.js]
[demo.thedevelovers.com/dashboard/kingadmin-v1.6.2/page-new-message.html]
[demo.thedevelovers.com/dashboard/kingadmin-v1.6.2/page-view-message.html]
[demo.thedevelovers.com/dashboard/kingadmin-v1.6.2/assets/img/search-result-img.png]
[demo.thedevelovers.com/dashboard/kingadmin-v1.6.2/assets/js/plugins/bootstrap-multiselect/bootstrap-multiselect.js]
[demo.thedevelovers.com/dashboard/kingadmin-v1.6.2/assets/js/plugins/bootstrap-slider/bootstrap-slider.js]
[demo.thedevelovers.com/dashboard/kingadmin-v1.6.2/page-search-result.html]
[demo.thedevelovers.com/dashboard/kingadmin-v1.6.2/assets/js/king-form-layouts.js]
[demo.thedevelovers.com/dashboard/kingadmin-v1.6.2/page-submit-ticket.html]
[demo.thedevelovers.com/dashboard/kingadmin-v1.6.2/page-faq.html]
[demo.thedevelovers.com/dashboard/kingadmin-v1.6.2/page-register.html]
[demo.thedevelovers.com/dashboard/kingadmin-v1.6.2/page-register-transparent.html]
[demo.thedevelovers.com/dashboard/kingadmin-v1.6.2/page-login.html]
[demo.thedevelovers.com/dashboard/kingadmin-v1.6.2/page-login-transparent.html]
[demo.thedevelovers.com/dashboard/kingadmin-v1.6.2/page-404.html]
[demo.thedevelovers.com/dashboard/kingadmin-v1.6.2/page-404-transparent.html]
[demo.thedevelovers.com/dashboard/kingadmin-v1.6.2/page-blank.html]
[demo.thedevelovers.com/dashboard/kingadmin-v1.6.2/page-inbox.html]
[demo.thedevelovers.com/dashboard/kingadmin-v1.6.2/assets/js/plugins/datatable/exts/dataTables.tableTools.min.js]
[demo.thedevelovers.com/dashboard/kingadmin-v1.6.2/assets/js/plugins/datatable/plugins/type-detection/date-uk.js]
[demo.thedevelovers.com/dashboard/kingadmin-v1.6.2/assets/js/plugins/datatable/plugins/sorting/date-uk.js]
[demo.thedevelovers.com/dashboard/kingadmin-v1.6.2/assets/js/plugins/datatable/plugins/type-detection/file-size.js]
[demo.thedevelovers.com/dashboard/kingadmin-v1.6.2/assets/js/plugins/datatable/plugins/sorting/file-size.js]
[demo.thedevelovers.com/dashboard/kingadmin-v1.6.2/assets/js/plugins/tree/jstree.js]
[demo.thedevelovers.com/dashboard/kingadmin-v1.6.2/assets/js/plugins/bootstrap-contextmenu/bootstrap-contextmenu.js]
[demo.thedevelovers.com/dashboard/kingadmin-v1.6.2/page-file-manager.html]
[demo.thedevelovers.com/dashboard/kingadmin-v1.6.2/assets/js/king-page-transparent.js]
[demo.thedevelovers.com/dashboard/kingadmin-v1.6.2/page-file-manager-transparent.html]
[demo.thedevelovers.com/dashboard/kingadmin-v1.6.2/page-projects.html]
[demo.thedevelovers.com/dashboard/kingadmin-v1.6.2/page-project-detail.html]
[demo.thedevelovers.com/dashboard/kingadmin-v1.6.2/assets/js/plugins/stat/flot/jquery.flot.orderBars.js]
[demo.thedevelovers.com/dashboard/kingadmin-v1.6.2/charts-statistics.html]
[demo.thedevelovers.com/dashboard/kingadmin-v1.6.2/charts-statistics-transparent.html]
[demo.thedevelovers.com/dashboard/kingadmin-v1.6.2/assets/js/plugins/stat/flot/jquery.flot.selection.min.js]
[demo.thedevelovers.com/dashboard/kingadmin-v1.6.2/charts-statistics-interactive.html]
[demo.thedevelovers.com/dashboard/kingadmin-v1.6.2/charts-statistics-interactive-transparent.html]
[demo.thedevelovers.com/dashboard/kingadmin-v1.6.2/charts-statistics-real-time.html]
[demo.thedevelovers.com/dashboard/kingadmin-v1.6.2/charts-statistics-real-time-transparent.html]
[demo.thedevelovers.com/dashboard/kingadmin-v1.6.2/assets/js/plugins/stat/colorbrewer.js]
[demo.thedevelovers.com/dashboard/kingadmin-v1.6.2/assets/js/plugins/stat/d3.min.js]
[demo.thedevelovers.com/dashboard/kingadmin-v1.6.2/charts-d3charts.html]
[demo.thedevelovers.com/dashboard/kingadmin-v1.6.2/assets/js/plugins/bootstrap-editable/jquery.mockjax.min.js]
[demo.thedevelovers.com/dashboard/kingadmin-v1.6.2/assets/js/plugins/bootstrap-datepicker/bootstrap-datepicker.js]
[demo.thedevelovers.com/dashboard/kingadmin-v1.6.2/assets/js/plugins/typeahead/typeahead.js]
[demo.thedevelovers.com/dashboard/kingadmin-v1.6.2/assets/js/plugins/typeahead/typeaheadjs.1.5.1.js]
[demo.thedevelovers.com/dashboard/kingadmin-v1.6.2/assets/js/plugins/bootstrap-editable/address.custom.js]
[demo.thedevelovers.com/dashboard/kingadmin-v1.6.2/assets/js/plugins/bootstrap-editable/demo-mock.js]
[demo.thedevelovers.com/dashboard/kingadmin-v1.6.2/assets/js/king-elements.js]
[demo.thedevelovers.com/dashboard/kingadmin-v1.6.2/form-inplace-editing.html]
[demo.thedevelovers.com/dashboard/kingadmin-v1.6.2/assets/js/plugins/jqallrangesliders/jQAllRangeSliders-min.js]
[demo.thedevelovers.com/dashboard/kingadmin-v1.6.2/assets/js/plugins/bootstrap-colorpicker/bootstrap-colorpicker.min.js]
[demo.thedevelovers.com/dashboard/kingadmin-v1.6.2/assets/js/plugins/jquery-simplecolorpicker/jquery.simplecolorpicker.js]
[demo.thedevelovers.com/dashboard/kingadmin-v1.6.2/assets/js/plugins/bootstrap-touchspin/jquery.bootstrap-touchspin.js]
[demo.thedevelovers.com/dashboard/kingadmin-v1.6.2/assets/js/plugins/daterangepicker/daterangepicker.js]
[demo.thedevelovers.com/dashboard/kingadmin-v1.6.2/assets/js/plugins/bootstrap-tagsinput/bootstrap-tagsinput.min.js]
[demo.thedevelovers.com/dashboard/kingadmin-v1.6.2/form-elements.html]
[demo.thedevelovers.com/dashboard/kingadmin-v1.6.2/form-layouts.html]
[demo.thedevelovers.com/dashboard/kingadmin-v1.6.2/form-bootstrap-elements.html]
[demo.thedevelovers.com/dashboard/kingadmin-v1.6.2/assets/js/plugins/parsley-validation/parsley.min.js]
[demo.thedevelovers.com/dashboard/kingadmin-v1.6.2/form-validations.html]
[demo.thedevelovers.com/dashboard/kingadmin-v1.6.2/assets/js/plugins/dropzone/dropzone.min.js]
[demo.thedevelovers.com/dashboard/kingadmin-v1.6.2/form-file-upload.html]
[demo.thedevelovers.com/dashboard/kingadmin-v1.6.2/assets/js/plugins/markdown/markdown.js]
[demo.thedevelovers.com/dashboard/kingadmin-v1.6.2/assets/js/plugins/markdown/to-markdown.js]
[demo.thedevelovers.com/dashboard/kingadmin-v1.6.2/assets/js/plugins/markdown/bootstrap-markdown.js]
[demo.thedevelovers.com/dashboard/kingadmin-v1.6.2/form-text-editor.html]
[demo.thedevelovers.com/dashboard/kingadmin-v1.6.2/assets/js/plugins/bootstrap-progressbar/bootstrap-progressbar.js]
[demo.thedevelovers.com/dashboard/kingadmin-v1.6.2/ui-elements-general.html]
[demo.thedevelovers.com/dashboard/kingadmin-v1.6.2/ui-elements-tabs.html]
[demo.thedevelovers.com/dashboard/kingadmin-v1.6.2/ui-elements-buttons.html]
[demo.thedevelovers.com/dashboard/kingadmin-v1.6.2/ui-elements-icons.html]
[demo.thedevelovers.com/dashboard/kingadmin-v1.6.2/assets/js/plugins/jquery-gritter/jquery.gritter.min.js]
[demo.thedevelovers.com/dashboard/kingadmin-v1.6.2/ui-elements-flash-message.html]
[demo.thedevelovers.com/dashboard/kingadmin-v1.6.2/widgets.html]
[demo.thedevelovers.com/dashboard/kingadmin-v1.6.2/assets/js/plugins/wizard/wizard.min.js]
[demo.thedevelovers.com/dashboard/kingadmin-v1.6.2/components-wizard.html]
[demo.thedevelovers.com/dashboard/kingadmin-v1.6.2/assets/js/plugins/fullcalendar/fullcalendar.min.js]
[demo.thedevelovers.com/dashboard/kingadmin-v1.6.2/components-calendar.html]
[demo.thedevelovers.com/dashboard/kingadmin-v1.6.2/assets/js/plugins/raphael/raphael-min.js]
[demo.thedevelovers.com/dashboard/kingadmin-v1.6.2/assets/js/plugins/raphael/maps/world_countries.js]
[demo.thedevelovers.com/dashboard/kingadmin-v1.6.2/assets/js/plugins/raphael/maps/france_departments.js]
[demo.thedevelovers.com/dashboard/kingadmin-v1.6.2/assets/js/plugins/jquery-mousewheel/jquery.mousewheel.js]
[demo.thedevelovers.com/dashboard/kingadmin-v1.6.2/assets/js/plugins/google-map/google-map.js]
[demo.thedevelovers.com/dashboard/kingadmin-v1.6.2/components-maps.html]
[demo.thedevelovers.com/dashboard/kingadmin-v1.6.2/components-maps-transparent.html]
[demo.thedevelovers.com/dashboard/kingadmin-v1.6.2/assets/img/gallery/bird.jpg]
[demo.thedevelovers.com/dashboard/kingadmin-v1.6.2/assets/img/gallery/jet-sky.jpg]
[demo.thedevelovers.com/dashboard/kingadmin-v1.6.2/assets/img/gallery/cuba-cup.jpg]
[demo.thedevelovers.com/dashboard/kingadmin-v1.6.2/assets/img/gallery/fence.jpg]
[demo.thedevelovers.com/dashboard/kingadmin-v1.6.2/assets/img/gallery/kitsune.jpg]
[demo.thedevelovers.com/dashboard/kingadmin-v1.6.2/assets/img/gallery/lighthouse.jpg]
[demo.thedevelovers.com/dashboard/kingadmin-v1.6.2/assets/img/gallery/desk.jpg]
[demo.thedevelovers.com/dashboard/kingadmin-v1.6.2/assets/img/gallery/mac.jpg]
[demo.thedevelovers.com/dashboard/kingadmin-v1.6.2/assets/img/gallery/chair.jpg]
[demo.thedevelovers.com/dashboard/kingadmin-v1.6.2/assets/img/gallery/cafe.jpg]
[demo.thedevelovers.com/dashboard/kingadmin-v1.6.2/assets/img/gallery/desk2.jpg]
[demo.thedevelovers.com/dashboard/kingadmin-v1.6.2/assets/img/gallery/hand.jpg]
[demo.thedevelovers.com/dashboard/kingadmin-v1.6.2/components-gallery.html]
[demo.thedevelovers.com/dashboard/kingadmin-v1.6.2/components-tree-view.html]
[demo.thedevelovers.com/dashboard/kingadmin-v1.6.2/components-tree-view-transparent.html]
[demo.thedevelovers.com/dashboard/kingadmin-v1.6.2/tables-static-table.html]
[demo.thedevelovers.com/dashboard/kingadmin-v1.6.2/assets/js/plugins/datatable/exts/dataTables.colVis.bootstrap.js]
[demo.thedevelovers.com/dashboard/kingadmin-v1.6.2/assets/js/plugins/datatable/exts/dataTables.colReorder.min.js]
[demo.thedevelovers.com/dashboard/kingadmin-v1.6.2/assets/js/plugins/jqgrid/jquery.jqGrid.min.js]
[demo.thedevelovers.com/dashboard/kingadmin-v1.6.2/assets/js/plugins/jqgrid/i18n/grid.locale-en.js]
[demo.thedevelovers.com/dashboard/kingadmin-v1.6.2/assets/js/plugins/jqgrid/jquery.jqGrid.fluid.js]
[demo.thedevelovers.com/dashboard/kingadmin-v1.6.2/tables-dynamic-table.html]
[demo.thedevelovers.com/dashboard/kingadmin-v1.6.2/typography.html]
[demo.thedevelovers.com/dashboard/kingadmin-v1.6.2/assets/css/skins/slategray.css]
[demo.thedevelovers.com/dashboard/kingadmin-v1.6.2/assets/css/skins/darkblue.css]
[demo.thedevelovers.com/dashboard/kingadmin-v1.6.2/assets/css/skins/darkbrown.css]
[demo.thedevelovers.com/dashboard/kingadmin-v1.6.2/assets/css/skins/lightgreen.css]
[demo.thedevelovers.com/dashboard/kingadmin-v1.6.2/assets/css/skins/orange.css]
[demo.thedevelovers.com/dashboard/kingadmin-v1.6.2/assets/css/skins/red.css]
[demo.thedevelovers.com/dashboard/kingadmin-v1.6.2/assets/css/skins/teal.css]
[demo.thedevelovers.com/dashboard/kingadmin-v1.6.2/assets/css/skins/yellow.css]
[demo.thedevelovers.com/dashboard/kingadmin-v1.6.2/assets/css/skins/fulldark.css]
[demo.thedevelovers.com/dashboard/kingadmin-v1.6.2/assets/css/skins/fullbright.css]
[demo.thedevelovers.com/dashboard/kingadmin-v1.6.2/assets/img/black-linen.png]
[demo.thedevelovers.com/dashboard/kingadmin-v1.6.2/assets/css/skins/transparent.css]
[demo.thedevelovers.com/dashboard/kingadmin-v1.6.2/assets/fonts/glyphicons-halflings-regular.html]
[demo.thedevelovers.com/dashboard/kingadmin-v1.6.2/assets/fonts/glyphicons-halflings-regular.svg]
[demo.thedevelovers.com/dashboard/kingadmin-v1.6.2/assets/fonts/fontawesome-webfont5b62.html]
[demo.thedevelovers.com/dashboard/kingadmin-v1.6.2/assets/fonts/fontawesome-webfont5b62.svg]
[demo.thedevelovers.com/dashboard/kingadmin-v1.6.2/assets/css/bootstrap-colorpicker/saturation.html]
[demo.thedevelovers.com/dashboard/kingadmin-v1.6.2/assets/css/bootstrap-colorpicker/hue.html]
[demo.thedevelovers.com/dashboard/kingadmin-v1.6.2/assets/css/bootstrap-colorpicker/alpha.html]
[demo.thedevelovers.com/dashboard/kingadmin-v1.6.2/assets/css/bootstrap-colorpicker/hue-horizontal.html]
[demo.thedevelovers.com/dashboard/kingadmin-v1.6.2/assets/css/bootstrap-colorpicker/alpha-horizontal.html]
[demo.thedevelovers.com/dashboard/kingadmin-v1.6.2/assets/images/ie-spacer.html]
[demo.thedevelovers.com/dashboard/kingadmin-v1.6.2/assets/images/gritter.html]
[demo.thedevelovers.com/dashboard/kingadmin-v1.6.2/assets/images/gritter-light.html]
[demo.thedevelovers.com/dashboard/kingadmin-v1.6.2/assets/images/spritemap.html]
[demo.thedevelovers.com/dashboard/kingadmin-v1.6.2/assets/images/spritemap@2x.html]
[demo.thedevelovers.com/dashboard/kingadmin-v1.6.2/assets/css/select2.html]
[demo.thedevelovers.com/dashboard/kingadmin-v1.6.2/assets/css/select2-spinner.html]
[demo.thedevelovers.com/dashboard/kingadmin-v1.6.2/assets/css/select2x2.html]
[demo.thedevelovers.com/dashboard/kingadmin-v1.6.2/assets/images/sort_both.html]
[demo.thedevelovers.com/dashboard/kingadmin-v1.6.2/assets/images/sort_asc.html]
[demo.thedevelovers.com/dashboard/kingadmin-v1.6.2/assets/images/sort_desc.html]
[demo.thedevelovers.com/dashboard/kingadmin-v1.6.2/assets/images/sort_asc_disabled.html]
[demo.thedevelovers.com/dashboard/kingadmin-v1.6.2/assets/images/sort_desc_disabled.html]
[demo.thedevelovers.com/dashboard/kingadmin-v1.6.2/assets/images/collection.html]
[demo.thedevelovers.com/dashboard/kingadmin-v1.6.2/assets/images/collection_hover.html]
[demo.thedevelovers.com/dashboard/kingadmin-v1.6.2/assets/images/background.html]
[demo.thedevelovers.com/dashboard/kingadmin-v1.6.2/assets/fonts/lato-lig-webfont.svg]
[demo.thedevelovers.com/dashboard/kingadmin-v1.6.2/assets/fonts/lato-reg-webfont.svg]
[demo.thedevelovers.com/dashboard/kingadmin-v1.6.2/assets/fonts/lato-bol-webfont.svg]
[demo.thedevelovers.com/dashboard/kingadmin-v1.6.2/assets/css/ie-spacer.html]
[demo.thedevelovers.com/dashboard/kingadmin-v1.6.2/assets/css/gritter.html]
[demo.thedevelovers.com/dashboard/kingadmin-v1.6.2/assets/css/diagonal-stripe.html]
[demo.thedevelovers.com/dashboard/kingadmin-v1.6.2/collapsed-minified.html]
[demo.thedevelovers.com/dashboard/kingadmin-v1.6.2/assets/css/skins/loading-white.html]
[demo.thedevelovers.com/dashboard/kingadmin-v1.6.2/assets/css/skins/select2-spinner-white.html]
